// Jest Snapshot v1, https://goo.gl/fbAQLP

exports[`can run routify with bundled plugins: bundles 1`] = `
"export { default as _default_admin } from '../../../example/admin/_reset.svelte'
export { default as _default_admin_bundleme_svelte } from '../../../example/admin/bundleme.svelte'"
`;

exports[`can run routify with bundled plugins: routify 1`] = `
"import * as _default from '../../example/_module.svelte'
import * as _default_index_svelte from '../../example/index.svelte'
import * as _default_blog__slug__svelte from '../../example/blog/[slug].svelte'
import * as _default_blog_prefixed_slug__svelte from '../../example/blog/prefixed[slug].svelte'
import * as _default_no_layouts_nested_foo_svelte from '../../example/no-layouts/nested/foo.svelte'
import * as _default_no_layouts_nested_index_svelte from '../../example/no-layouts/nested/index.svelte'

export const routes = {
  \\"id\\": \\"_default\\",
  \\"component\\": _default,
  \\"meta\\": {},
  \\"rootName\\": \\"default\\",
  \\"file\\": {
    \\"path\\": \\"test/integration/routify/example/_module.svelte\\",
    \\"dir\\": \\"test/integration/routify/example\\",
    \\"base\\": \\"_module.svelte\\",
    \\"ext\\": \\".svelte\\",
    \\"name\\": \\"_module\\"
  },
  \\"routifyDir\\": import.meta.url,
  \\"children\\": [
    {
      \\"id\\": \\"_default_admin\\",
      \\"name\\": \\"admin\\",
      \\"component\\": import(\\"./bundles/_default_admin-bundle.js\\").then(r => r._default_admin),
      \\"meta\\": {
        \\"reset\\": {
          \\"value\\": true
        },
        \\"bundle\\": {
          \\"value\\": true
        }
      },
      \\"file\\": {
        \\"path\\": \\"test/integration/routify/example/admin/_reset.svelte\\",
        \\"dir\\": \\"test/integration/routify/example/admin\\",
        \\"base\\": \\"_reset.svelte\\",
        \\"ext\\": \\".svelte\\",
        \\"name\\": \\"_reset\\"
      },
      \\"children\\": [
        {
          \\"id\\": \\"_default_admin_bundleme_svelte\\",
          \\"name\\": \\"bundleme\\",
          \\"component\\": import(\\"./bundles/_default_admin-bundle.js\\").then(r => r._default_admin_bundleme_svelte),
          \\"meta\\": {},
          \\"file\\": {
            \\"path\\": \\"test/integration/routify/example/admin/bundleme.svelte\\",
            \\"dir\\": \\"test/integration/routify/example/admin\\",
            \\"base\\": \\"bundleme.svelte\\",
            \\"ext\\": \\".svelte\\",
            \\"name\\": \\"bundleme\\"
          },
          \\"children\\": []
        }
      ]
    },
    {
      \\"id\\": \\"_default_blog\\",
      \\"name\\": \\"blog\\",
      \\"component\\": false,
      \\"meta\\": {},
      \\"file\\": {
        \\"path\\": \\"test/integration/routify/example/blog\\",
        \\"dir\\": \\"test/integration/routify/example\\",
        \\"base\\": \\"blog\\",
        \\"ext\\": \\"\\",
        \\"name\\": \\"blog\\"
      },
      \\"children\\": [
        {
          \\"id\\": \\"_default_blog__slug__svelte\\",
          \\"name\\": \\"[slug]\\",
          \\"component\\": _default_blog__slug__svelte,
          \\"meta\\": {
            \\"dynamic\\": {
              \\"value\\": true
            }
          },
          \\"file\\": {
            \\"path\\": \\"test/integration/routify/example/blog/[slug].svelte\\",
            \\"dir\\": \\"test/integration/routify/example/blog\\",
            \\"base\\": \\"[slug].svelte\\",
            \\"ext\\": \\".svelte\\",
            \\"name\\": \\"[slug]\\"
          },
          \\"children\\": []
        },
        {
          \\"id\\": \\"_default_blog_prefixed_slug__svelte\\",
          \\"name\\": \\"prefixed[slug]\\",
          \\"component\\": _default_blog_prefixed_slug__svelte,
          \\"meta\\": {
            \\"dynamic\\": {
              \\"value\\": true
            }
          },
          \\"file\\": {
            \\"path\\": \\"test/integration/routify/example/blog/prefixed[slug].svelte\\",
            \\"dir\\": \\"test/integration/routify/example/blog\\",
            \\"base\\": \\"prefixed[slug].svelte\\",
            \\"ext\\": \\".svelte\\",
            \\"name\\": \\"prefixed[slug]\\"
          },
          \\"children\\": []
        }
      ]
    },
    {
      \\"id\\": \\"_default_index_svelte\\",
      \\"name\\": \\"index\\",
      \\"component\\": _default_index_svelte,
      \\"meta\\": {},
      \\"file\\": {
        \\"path\\": \\"test/integration/routify/example/index.svelte\\",
        \\"dir\\": \\"test/integration/routify/example\\",
        \\"base\\": \\"index.svelte\\",
        \\"ext\\": \\".svelte\\",
        \\"name\\": \\"index\\"
      },
      \\"children\\": []
    },
    {
      \\"id\\": \\"_default_no_layouts\\",
      \\"name\\": \\"no-layouts\\",
      \\"component\\": false,
      \\"meta\\": {},
      \\"file\\": {
        \\"path\\": \\"test/integration/routify/example/no-layouts\\",
        \\"dir\\": \\"test/integration/routify/example\\",
        \\"base\\": \\"no-layouts\\",
        \\"ext\\": \\"\\",
        \\"name\\": \\"no-layouts\\"
      },
      \\"children\\": [
        {
          \\"id\\": \\"_default_no_layouts_nested\\",
          \\"name\\": \\"nested\\",
          \\"component\\": false,
          \\"meta\\": {},
          \\"file\\": {
            \\"path\\": \\"test/integration/routify/example/no-layouts/nested\\",
            \\"dir\\": \\"test/integration/routify/example/no-layouts\\",
            \\"base\\": \\"nested\\",
            \\"ext\\": \\"\\",
            \\"name\\": \\"nested\\"
          },
          \\"children\\": [
            {
              \\"id\\": \\"_default_no_layouts_nested_foo_svelte\\",
              \\"name\\": \\"foo\\",
              \\"component\\": _default_no_layouts_nested_foo_svelte,
              \\"meta\\": {},
              \\"file\\": {
                \\"path\\": \\"test/integration/routify/example/no-layouts/nested/foo.svelte\\",
                \\"dir\\": \\"test/integration/routify/example/no-layouts/nested\\",
                \\"base\\": \\"foo.svelte\\",
                \\"ext\\": \\".svelte\\",
                \\"name\\": \\"foo\\"
              },
              \\"children\\": []
            },
            {
              \\"id\\": \\"_default_no_layouts_nested_index_svelte\\",
              \\"name\\": \\"index\\",
              \\"component\\": _default_no_layouts_nested_index_svelte,
              \\"meta\\": {},
              \\"file\\": {
                \\"path\\": \\"test/integration/routify/example/no-layouts/nested/index.svelte\\",
                \\"dir\\": \\"test/integration/routify/example/no-layouts/nested\\",
                \\"base\\": \\"index.svelte\\",
                \\"ext\\": \\".svelte\\",
                \\"name\\": \\"index\\"
              },
              \\"children\\": []
            }
          ]
        }
      ]
    }
  ]
}"
`;
